<form class="form-class1 form-class2" action="#" method="post" enctype="multipart/form-data">
<fieldset id="custom-group-id">
<legend>Group 1</legend>
<p>Group 1 description.</p>
<div class="mb-3 row row-cols-sm-auto g-2 align-items-center">
<div class="col-12">
<div class="row row-cols-sm-auto g-2 align-items-baseline">
<div class="position-relative col-12">
<div class="form-floating">
<input type="text" name="text" id="frm-text" class="form-control" placeholder="">
<label for="frm-text">Text</label>
</div>
</div>
</div>
</div>
<div class="col-12">
<div class="row row-cols-sm-auto g-2 align-items-baseline">
<div class="position-relative col-12">
<div class="form-floating">
<textarea class="form-control" name="textarea" id="frm-textarea" placeholder="">Lorem ipsum</textarea>
<label for="frm-textarea">TextArea</label>
</div>
</div>
</div>
</div>
</div>
<fieldset>
<legend><span>Group 2 label</span></legend>
<p><span>Group 2 description.</span></p>
<div class="mb-3 row row-cols-sm-auto g-2 align-items-center">
<div class="col-12">
<div class="row row-cols-sm-auto g-2 align-items-baseline">
<div class="position-relative col-12">
<div class="form-check mb-0">
<input type="checkbox" name="container[checkbox]" id="frm-container-checkbox" class="form-check-input">
<label class="form-check-label" for="frm-container-checkbox">Checkbox</label>
</div>
</div>
</div>
</div>
<div class="col-12">
<div class="row row-cols-sm-auto g-2 align-items-baseline">
<label class="col-12">CheckBoxList</label>
<div class="position-relative col-12">
<div class="form-check form-check-inline me-1 mb-0">
<input type="checkbox" name="container[checkboxlist][]" id="frm-container-checkboxlist-1" value="1" class="form-check-input">
<label class="form-check-label" for="frm-container-checkboxlist-1">one</label>
</div>
<div class="form-check form-check-inline me-0 mb-0">
<input type="checkbox" name="container[checkboxlist][]" id="frm-container-checkboxlist-2" value="2" class="form-check-input">
<label class="form-check-label" for="frm-container-checkboxlist-2">two</label>
</div>
</div>
</div>
</div>
<div class="col-12">
<div class="row row-cols-sm-auto g-2 align-items-baseline">
<label class="col-12">RadioList</label>
<div class="position-relative col-12">
<div class="form-check form-check-inline me-1 mb-0">
<input type="radio" name="container[radiolist]" id="frm-container-radiolist-3" value="3" class="form-check-input">
<label class="form-check-label" for="frm-container-radiolist-3">three</label>
</div>
<div class="form-check form-check-inline me-0 mb-0">
<input type="radio" name="container[radiolist]" id="frm-container-radiolist-4" value="4" class="form-check-input">
<label class="form-check-label" for="frm-container-radiolist-4">four</label>
</div>
</div>
</div>
</div>
<div class="col-12">
<div class="row row-cols-sm-auto g-2 align-items-baseline">
<div class="position-relative col-12">
<div class="form-floating">
<select class="form-select" name="container[innerContainer][selectbox]" id="frm-container-innerContainer-selectbox"><option value=""></option><option value="5">five</option><option value="6">six</option></select>
<label for="frm-container-innerContainer-selectbox">Selectbox</label>
</div>
</div>
</div>
</div>
<div class="col-12">
<div class="row row-cols-sm-auto g-2 align-items-baseline">
<label class="col-12" for="frm-container-innerContainer-upload">Upload</label>
<div class="position-relative col-12">
<input type="file" name="container[innerContainer][upload]" id="frm-container-innerContainer-upload" data-nette-rules='[{"op":":fileSize","msg":"The size of the uploaded file can be up to 1048576 bytes.","arg":1048576}]' class="form-control">
</div>
</div>
</div>
</div>
</fieldset>
</fieldset>
<div class="mb-3 row row-cols-sm-auto g-2 align-items-center">
<div class="col-12">
<div class="row row-cols-sm-auto g-2 align-items-baseline">
<label class="label-class1 label-class2 col-12" for="frm-foo">Foo</label>
<div class="position-relative col-12">
<div data-foo="foo" class="control-class1 control-class2"><input name="foo" id="frm-foo"><span>foo</span></div>
</div>
</div>
</div>
<div class="col-auto">
    <input type="submit" name="send" class="btn btn-primary" value="SubmitButton">
</div>
<div class="col-auto">
    <input type="button" name="button" class="btn btn-secondary" value="Button">
</div>
<div class="col-auto">
    <input type="button" name="warning" class="btn btn-warning">
</div>
<div class="col-12">
<div class="row row-cols-sm-auto g-2 align-items-baseline">
<label class="col-12">InlineCheckboxList</label>
<div class="position-relative col-12">
<div class="form-check form-check-inline me-1 mb-0">
<input type="checkbox" name="inlinecheckboxlist[]" id="frm-inlinecheckboxlist-0" disabled value="0" class="form-check-input">
<label class="form-check-label" for="frm-inlinecheckboxlist-0">foo</label>
</div>
<div class="form-check form-check-inline me-0 mb-0">
<input type="checkbox" name="inlinecheckboxlist[]" id="frm-inlinecheckboxlist-1" value="1" class="form-check-input">
<label class="form-check-label" for="frm-inlinecheckboxlist-1">bar</label>
</div>
</div>
</div>
</div>
<div class="col-12">
<div class="row row-cols-sm-auto g-2 align-items-baseline">
<label class="col-12">InlineRadioList</label>
<div class="position-relative col-12">
<div class="form-check form-check-inline me-1 mb-0">
<input type="radio" name="inlineradiolist" id="frm-inlineradiolist-0" disabled value="0" class="form-check-input">
<label class="form-check-label" for="frm-inlineradiolist-0">foo</label>
</div>
<div class="form-check form-check-inline me-0 mb-0">
<input type="radio" name="inlineradiolist" id="frm-inlineradiolist-1" value="1" class="form-check-input">
<label class="form-check-label" for="frm-inlineradiolist-1">bar</label>
</div>
</div>
</div>
</div>
<div class="col-12">
<div class="row row-cols-sm-auto g-2 align-items-baseline">
<label class="col-12" for="frm-range">Range</label>
<div class="position-relative col-12">
<input type="range" name="range" id="frm-range" class="form-range align-top">
</div>
</div>
</div>
<div class="col-12">
<div class="row row-cols-sm-auto g-2 align-items-baseline">
<label class="col-12" for="frm-color">Color</label>
<div class="position-relative col-12">
<input type="color" name="color" id="frm-color" class="form-control form-control-color">
</div>
</div>
</div>
<div class="col-12">
<div class="row row-cols-sm-auto g-2 align-items-baseline">
<div class="position-relative col-12">
<div class="form-check form-switch mb-0">
<input type="checkbox" name="switch" id="frm-switch" class="form-check-input">
<label class="form-check-label" for="frm-switch">Switch</label>
</div>
</div>
<div class="form-text col-auto">Switch description</div>
</div>
</div>
<div class="col-12">
<div class="row row-cols-sm-auto g-2 align-items-baseline">
<div class="position-relative col-12">
<input class="btn-check" id="frm-toggle" name="toggle" type="checkbox">
<label class="btn" for="frm-toggle">Toggle</label>
</div>
</div>
</div>
<div class="col-12">
<div class="row row-cols-sm-auto g-2 align-items-baseline">
<label class="col-12">Checkbox toggle list</label>
<div class="position-relative col-12">
<input class="btn-check" id="frm-checkboxtogglelist-0" name="checkboxtogglelist[]" type="checkbox" value="0">
<label class="btn btn-secondary" for="frm-checkboxtogglelist-0">foo</label>
<input class="btn-check" disabled id="frm-checkboxtogglelist-1" name="checkboxtogglelist[]" type="checkbox" value="1">
<label class="btn btn-secondary" for="frm-checkboxtogglelist-1">bar</label>
<input class="btn-check" id="frm-checkboxtogglelist-2" name="checkboxtogglelist[]" type="checkbox" value="2">
<label class="btn btn-secondary" for="frm-checkboxtogglelist-2">baz</label>
</div>
</div>
</div>
<div class="col-12">
<div class="row row-cols-sm-auto g-2 align-items-baseline">
<label class="col-12">Radio toggle list</label>
<div class="position-relative col-12">
<input class="btn-check" id="frm-radiotogglelist-0" name="radiotogglelist" type="radio" value="0">
<label class="btn btn-outline-primary" for="frm-radiotogglelist-0">foo</label>
<input class="btn-check" disabled id="frm-radiotogglelist-1" name="radiotogglelist" type="radio" value="1">
<label class="btn btn-outline-primary" for="frm-radiotogglelist-1">bar</label>
<input class="btn-check" id="frm-radiotogglelist-2" name="radiotogglelist" type="radio" value="2">
<label class="btn btn-outline-primary" for="frm-radiotogglelist-2">baz</label>
</div>
</div>
</div>
<div class="col-12">
<div class="row row-cols-sm-auto g-2 align-items-baseline">
<label class="col-12" for="frm-disabled">Disabled floating label</label>
<div class="position-relative col-12">
<input class="form-control" id="frm-disabled" name="disabled" type="text">
</div>
</div>
</div>
</div>
<input type="hidden" name="hidden" value="">    </form>
