    <form class="form-class1 form-class2" action="#" method="post" id="frm-form" enctype="multipart/form-data">
                <div class="alert alert-danger">
            Form error 1.
        </div>
        <div class="alert alert-danger">
            Form error 2.
        </div>
        <div class="alert alert-danger">
            Control hidden error 1.
        </div>
        <div class="alert alert-danger">
            Control hidden error 2.
        </div>

        <fieldset id="custom-group-id">
    <legend>Group 1</legend>
    <p>Group 1 description.</p>
    <div class="form-group has-error">
    <label for="frm-form-text">Text</label>
    <input type="text" name="text" id="frm-form-text" class="form-control">
    <span class="help-block">Control text error 1.</span>
    <span class="help-block">Control text error 2.</span>
    </div>
    <div class="form-group has-error">
    <label for="frm-form-textarea">TextArea</label>
    <textarea class="form-control" name="textarea" id="frm-form-textarea"></textarea>
    <span class="help-block">Control textarea error 1.</span>
    <span class="help-block">Control textarea error 2.</span>
    </div>
        <fieldset>
    <legend><span>Group 2 label</span></legend>
    <p><span>Group 2 description.</span></p>
    <div class="form-group has-error">
    <div class="checkbox">
        <label for="frm-form-container-checkbox"><input type="checkbox" name="container[checkbox]" id="frm-form-container-checkbox">Checkbox</label>
    </div>
    <span class="help-block">Control checkbox error 1.</span>
    <span class="help-block">Control checkbox error 2.</span>
    </div>
    <div class="form-group has-error">
    <label>CheckBoxList</label>
    <br>
        <div class="checkbox">
            <label for="frm-form-container-checkboxlist-1"><input type="checkbox" name="container[checkboxlist][]" id="frm-form-container-checkboxlist-1" value="1">one</label>
        </div>
        <div class="checkbox">
            <label for="frm-form-container-checkboxlist-2"><input type="checkbox" name="container[checkboxlist][]" id="frm-form-container-checkboxlist-2" value="2">two</label>
        </div>
    <span class="help-block">Control checkboxlist error 1.</span>
    <span class="help-block">Control checkboxlist error 2.</span>
    </div>
    <div class="form-group has-error">
    <label>RadioList</label>
    <br>
        <div class="radio">
            <label for="frm-form-container-radiolist-3"><input type="radio" name="container[radiolist]" id="frm-form-container-radiolist-3" value="3">three</label>
        </div>
        <div class="radio">
            <label for="frm-form-container-radiolist-4"><input type="radio" name="container[radiolist]" id="frm-form-container-radiolist-4" value="4">four</label>
        </div>
    <span class="help-block">Control radiolist error 1.</span>
    <span class="help-block">Control radiolist error 2.</span>
    </div>
    <div class="form-group has-error">
    <label for="frm-form-container-innerContainer-selectbox">Selectbox</label>
    <select class="form-control" name="container[innerContainer][selectbox]" id="frm-form-container-innerContainer-selectbox"><option value="5">five</option><option value="6">six</option></select>
    <span class="help-block">Control selectbox error 1.</span>
    <span class="help-block">Control selectbox error 2.</span>
    </div>
    <div class="form-group has-error">
    <label for="frm-form-container-innerContainer-upload">Upload</label>
    <input type="file" name="container[innerContainer][upload]" id="frm-form-container-innerContainer-upload" data-nette-rules='[{"op":":fileSize","msg":"The size of the uploaded file can be up to 1048576 bytes.","arg":1048576}]'>
    <span class="help-block">Control upload error 1.</span>
    <span class="help-block">Control upload error 2.</span>
    </div>
        </fieldset>
        </fieldset>
    <div class="form-group has-error">
    <label class="label-class1 label-class2" for="frm-form-foo">Foo</label>
    <div data-foo="foo" class="control-class1 control-class2"><input name="foo" id="frm-form-foo"><span>foo</span></div>
    <span class="help-block">Control foo error 1.</span>
    <span class="help-block">Control foo error 2.</span>
    </div>
    <div class="form-group">
                <input type="submit" name="send" class="btn btn-primary" value="SubmitButton">
                <input type="button" name="button" class="btn btn-default" value="Button">
                <input type="button" name="warning" class="btn btn-warning">
    </div>
    <div class="form-group has-error">
    <label>InlineCheckboxList</label>
    <br>
            <label class="checkbox-inline" for="frm-form-inlinecheckboxlist-0"><input type="checkbox" name="inlinecheckboxlist[]" id="frm-form-inlinecheckboxlist-0" value="0">foo</label>
            <label class="checkbox-inline" for="frm-form-inlinecheckboxlist-1"><input type="checkbox" name="inlinecheckboxlist[]" id="frm-form-inlinecheckboxlist-1" value="1">bar</label>
    <span class="help-block">Control inlinecheckboxlist error 1.</span>
    <span class="help-block">Control inlinecheckboxlist error 2.</span>
    </div>
    <div class="form-group has-error">
    <label>InlineRadioList</label>
    <br>
            <label class="radio-inline" for="frm-form-inlineradiolist-0"><input type="radio" name="inlineradiolist" id="frm-form-inlineradiolist-0" value="0">foo</label>
            <label class="radio-inline" for="frm-form-inlineradiolist-1"><input type="radio" name="inlineradiolist" id="frm-form-inlineradiolist-1" value="1">bar</label>
    <span class="help-block">Control inlineradiolist error 1.</span>
    <span class="help-block">Control inlineradiolist error 2.</span>
    </div>
<input type="hidden" name="hidden" value=""><input type="hidden" name="_do" value="form-submit"><!--[if IE]><input type=IEbug disabled style="display:none"><![endif]-->
    </form>
