    <form class="form-class1 form-class2" action="#" method="post" enctype="multipart/form-data">

        <fieldset id="custom-group-id">
    <legend>Group 1</legend>
    <p>Group 1 description.</p>
    <div class="form-group">
    <label for="frm-text">Text</label>
    <input type="text" name="text" id="frm-text" class="form-control">
    <span class="help-block">Control text description.</span>
    </div>
    <div class="form-group">
    <label for="frm-textarea">TextArea</label>
    <textarea class="form-control" name="textarea" id="frm-textarea">Lorem ipsum</textarea>
    <span class="help-block">Control textarea description.</span>
    </div>
        <fieldset>
    <legend><span>Group 2 label</span></legend>
    <p><span>Group 2 description.</span></p>
    <div class="form-group">
    <div class="checkbox">
        <label for="frm-container-checkbox"><input type="checkbox" name="container[checkbox]" id="frm-container-checkbox">Checkbox</label>
    </div>
    <span class="help-block">Control checkbox description.</span>
    </div>
    <div class="form-group">
    <label>CheckBoxList</label>
    <br>
        <div class="checkbox">
            <label for="frm-container-checkboxlist-1"><input type="checkbox" name="container[checkboxlist][]" id="frm-container-checkboxlist-1" value="1">one</label>
        </div>
        <div class="checkbox">
            <label for="frm-container-checkboxlist-2"><input type="checkbox" name="container[checkboxlist][]" id="frm-container-checkboxlist-2" value="2">two</label>
        </div>
    <span class="help-block">Control checkboxlist description.</span>
    </div>
    <div class="form-group">
    <label>RadioList</label>
    <br>
        <div class="radio">
            <label for="frm-container-radiolist-3"><input type="radio" name="container[radiolist]" id="frm-container-radiolist-3" value="3">three</label>
        </div>
        <div class="radio">
            <label for="frm-container-radiolist-4"><input type="radio" name="container[radiolist]" id="frm-container-radiolist-4" value="4">four</label>
        </div>
    <span class="help-block">Control radiolist description.</span>
    </div>
    <div class="form-group">
    <label for="frm-container-innerContainer-selectbox">Selectbox</label>
    <select class="form-control" name="container[innerContainer][selectbox]" id="frm-container-innerContainer-selectbox"><option value="5">five</option><option value="6">six</option></select>
    <span class="help-block">Control selectbox description.</span>
    </div>
    <div class="form-group">
    <label for="frm-container-innerContainer-upload">Upload</label>
    <input type="file" name="container[innerContainer][upload]" id="frm-container-innerContainer-upload" data-nette-rules='[{"op":":fileSize","msg":"The size of the uploaded file can be up to 1048576 bytes.","arg":1048576}]'>
    <span class="help-block">Control upload description.</span>
    </div>
        </fieldset>
        </fieldset>
    <div class="form-group">
    <label class="label-class1 label-class2" for="frm-foo">Foo</label>
    <div data-foo="foo" class="control-class1 control-class2"><input name="foo" id="frm-foo"><span>foo</span></div>
    <span class="help-block">Control foo description.</span>
    </div>
    <div class="form-group">
                <input type="submit" name="send" class="btn btn-primary" value="SubmitButton">
    <span class="help-block">Control send description.</span>
                <input type="button" name="button" class="btn btn-default" value="Button">
    <span class="help-block">Control button description.</span>
                <input type="button" name="warning" class="btn btn-warning">
    <span class="help-block">Control warning description.</span>
    </div>
    <div class="form-group">
    <label>InlineCheckboxList</label>
    <br>
            <label class="checkbox-inline" for="frm-inlinecheckboxlist-0"><input type="checkbox" name="inlinecheckboxlist[]" id="frm-inlinecheckboxlist-0" value="0">foo</label>
            <label class="checkbox-inline" for="frm-inlinecheckboxlist-1"><input type="checkbox" name="inlinecheckboxlist[]" id="frm-inlinecheckboxlist-1" value="1">bar</label>
    <span class="help-block">Control inlinecheckboxlist description.</span>
    </div>
    <div class="form-group">
    <label>InlineRadioList</label>
    <br>
            <label class="radio-inline" for="frm-inlineradiolist-0"><input type="radio" name="inlineradiolist" id="frm-inlineradiolist-0" value="0">foo</label>
            <label class="radio-inline" for="frm-inlineradiolist-1"><input type="radio" name="inlineradiolist" id="frm-inlineradiolist-1" value="1">bar</label>
    <span class="help-block">Control inlineradiolist description.</span>
    </div>
<input type="hidden" name="hidden" value="">
    </form>
