<form class="form-class1 form-class2" action="#" method="post" enctype="multipart/form-data">
<fieldset id="custom-group-id">
<legend>Group 1</legend>
<p>Group 1 description.</p>
<div class="row row-cols-sm-auto g-2 align-items-baseline">
<div class="col-12">
<div class="row row-cols-sm-auto g-2 align-items-baseline required">
<label class="col-12" for="frm-text">Text</label>
<div class="position-relative col-12">
<input type="text" name="text" id="frm-text" required data-nette-rules='[{"op":":filled","msg":"REQUIRED"}]' class="form-control">
</div>
</div>
</div>
<div class="col-12">
<div class="row row-cols-sm-auto g-2 align-items-baseline required">
<label class="col-12" for="frm-textarea">TextArea</label>
<div class="position-relative col-12">
<textarea class="form-control" name="textarea" id="frm-textarea" required data-nette-rules='[{"op":":filled","msg":"REQUIRED"}]'>Lorem ipsum</textarea>
</div>
</div>
</div>
</div>
<fieldset>
<legend><span>Group 2 label</span></legend>
<p><span>Group 2 description.</span></p>
<div class="row row-cols-sm-auto g-2 align-items-baseline">
<div class="col-12">
<div class="row row-cols-sm-auto g-2 align-items-baseline required">
<div class="position-relative col-12">
<div class="form-check">
<input type="checkbox" name="container[checkbox]" id="frm-container-checkbox" required data-nette-rules='[{"op":":filled","msg":"REQUIRED"}]' class="form-check-input">
<label class="form-check-label" for="frm-container-checkbox">Checkbox</label>
</div>
</div>
</div>
</div>
<div class="col-12">
<div class="row row-cols-sm-auto g-2 align-items-baseline required">
<label class="col-12">CheckBoxList</label>
<div class="position-relative col-12">
<div class="form-check form-check-inline me-1">
<input type="checkbox" name="container[checkboxlist][]" id="frm-container-checkboxlist-1" data-nette-rules='[{"op":":filled","msg":"REQUIRED"}]' value="1" class="form-check-input">
<label class="form-check-label" for="frm-container-checkboxlist-1">one</label>
</div>
<div class="form-check form-check-inline me-0">
<input type="checkbox" name="container[checkboxlist][]" id="frm-container-checkboxlist-2" data-nette-rules='[{"op":":filled","msg":"REQUIRED"}]' value="2" class="form-check-input">
<label class="form-check-label" for="frm-container-checkboxlist-2">two</label>
</div>
</div>
</div>
</div>
<div class="col-12">
<div class="row row-cols-sm-auto g-2 align-items-baseline required">
<label class="col-12">RadioList</label>
<div class="position-relative col-12">
<div class="form-check form-check-inline me-1">
<input type="radio" name="container[radiolist]" id="frm-container-radiolist-3" required data-nette-rules='[{"op":":filled","msg":"REQUIRED"}]' value="3" class="form-check-input">
<label class="form-check-label" for="frm-container-radiolist-3">three</label>
</div>
<div class="form-check form-check-inline me-0">
<input type="radio" name="container[radiolist]" id="frm-container-radiolist-4" required data-nette-rules='[{"op":":filled","msg":"REQUIRED"}]' value="4" class="form-check-input">
<label class="form-check-label" for="frm-container-radiolist-4">four</label>
</div>
</div>
</div>
</div>
<div class="col-12">
<div class="row row-cols-sm-auto g-2 align-items-baseline required">
<label class="col-12" for="frm-container-innerContainer-selectbox">Selectbox</label>
<div class="position-relative col-12">
<select class="form-select" name="container[innerContainer][selectbox]" id="frm-container-innerContainer-selectbox" required data-nette-rules='[{"op":":filled","msg":"REQUIRED"}]'><option value=""></option><option value="5">five</option><option value="6">six</option></select>
</div>
</div>
</div>
<div class="col-12">
<div class="row row-cols-sm-auto g-2 align-items-baseline required">
<label class="col-12" for="frm-container-innerContainer-upload">Upload</label>
<div class="position-relative col-12">
<input type="file" name="container[innerContainer][upload]" id="frm-container-innerContainer-upload" required data-nette-rules='[{"op":":filled","msg":"REQUIRED"},{"op":":fileSize","msg":"The size of the uploaded file can be up to 1048576 bytes.","arg":1048576}]' class="form-control">
</div>
</div>
</div>
</div>
</fieldset>
</fieldset>
<div class="row row-cols-sm-auto g-2 align-items-baseline">
<div class="col-12">
<div class="row row-cols-sm-auto g-2 align-items-baseline required">
<label class="label-class1 label-class2 col-12" for="frm-foo">Foo</label>
<div class="position-relative col-12">
<div data-foo="foo" class="control-class1 control-class2"><input name="foo" id="frm-foo" required data-nette-rules='[{"op":":filled","msg":"REQUIRED"}]'><span>foo</span></div>
</div>
</div>
</div>
<div class="col-auto">
<input type="submit" name="send" class="btn btn-primary" value="SubmitButton">
</div>
<div class="col-auto">
<input type="button" name="button" class="btn btn-secondary" value="Button">
</div>
<div class="col-auto">
<input type="button" name="warning" class="btn btn-warning">
</div>
<div class="col-12">
<div class="row row-cols-sm-auto g-2 align-items-baseline required">
<label class="col-12">InlineCheckboxList</label>
<div class="position-relative col-12">
<div class="form-check form-check-inline me-1">
<input type="checkbox" name="inlinecheckboxlist[]" id="frm-inlinecheckboxlist-0" disabled data-nette-rules='[{"op":":filled","msg":"REQUIRED"}]' value="0" class="form-check-input">
<label class="form-check-label" for="frm-inlinecheckboxlist-0">foo</label>
</div>
<div class="form-check form-check-inline me-0">
<input type="checkbox" name="inlinecheckboxlist[]" id="frm-inlinecheckboxlist-1" data-nette-rules='[{"op":":filled","msg":"REQUIRED"}]' value="1" class="form-check-input">
<label class="form-check-label" for="frm-inlinecheckboxlist-1">bar</label>
</div>
</div>
</div>
</div>
<div class="col-12">
<div class="row row-cols-sm-auto g-2 align-items-baseline required">
<label class="col-12">InlineRadioList</label>
<div class="position-relative col-12">
<div class="form-check form-check-inline me-1">
<input type="radio" name="inlineradiolist" id="frm-inlineradiolist-0" required disabled data-nette-rules='[{"op":":filled","msg":"REQUIRED"}]' value="0" class="form-check-input">
<label class="form-check-label" for="frm-inlineradiolist-0">foo</label>
</div>
<div class="form-check form-check-inline me-0">
<input type="radio" name="inlineradiolist" id="frm-inlineradiolist-1" required data-nette-rules='[{"op":":filled","msg":"REQUIRED"}]' value="1" class="form-check-input">
<label class="form-check-label" for="frm-inlineradiolist-1">bar</label>
</div>
</div>
</div>
</div>
<div class="col-12">
<div class="row row-cols-sm-auto g-2 align-items-baseline required">
<label class="col-12" for="frm-range">Range</label>
<div class="position-relative col-12">
<input type="range" name="range" id="frm-range" required data-nette-rules='[{"op":":filled","msg":"REQUIRED"}]' class="form-range align-top">
</div>
</div>
</div>
<div class="col-12">
<div class="row row-cols-sm-auto g-2 align-items-baseline required">
<div class="position-relative col-12">
<div class="form-check form-switch">
<input type="checkbox" name="switch" id="frm-switch" required data-nette-rules='[{"op":":filled","msg":"REQUIRED"}]' class="form-check-input">
<label class="form-check-label" for="frm-switch">Switch</label>
</div>
</div>
<div class="form-text col-auto">Switch description</div>
</div>
</div>
</div>
<input type="hidden" name="hidden" value="">    </form>
