    <form class="form-class1 form-class2" action="#" method="post" enctype="multipart/form-data">

        <fieldset id="custom-group-id">
    <legend>Group 1</legend>
    <p>Group 1 description.</p>
    <div class="mb-3">
    <label class="form-label" for="frm-text">Text</label>
    <input type="text" name="text" id="frm-text" class="form-control">

    <div class="form-text">Control text description.</div>

    </div>
    <div class="mb-3">
    <label class="form-label" for="frm-textarea">TextArea</label>
    <textarea class="form-control" name="textarea" id="frm-textarea">Lorem ipsum</textarea>

    <div class="form-text">Control textarea description.</div>

    </div>
        <fieldset>
    <legend><span>Group 2 label</span></legend>
    <p><span>Group 2 description.</span></p>
    <div class="mb-3">
    <div class="form-check">
        <input type="checkbox" name="container[checkbox]" id="frm-container-checkbox" class="form-check-input">
        <label class="form-check-label" for="frm-container-checkbox">Checkbox</label>
    </div>

    <div class="form-text">Control checkbox description.</div>

    </div>
    <div class="mb-3">
    <label class="form-label">CheckBoxList</label>
    <div class="form-check">
        <input type="checkbox" name="container[checkboxlist][]" id="frm-container-checkboxlist-1" value="1" class="form-check-input">
        <label class="form-check-label" for="frm-container-checkboxlist-1">one</label>
    </div>
    <div class="form-check">
        <input type="checkbox" name="container[checkboxlist][]" id="frm-container-checkboxlist-2" value="2" class="form-check-input">
        <label class="form-check-label" for="frm-container-checkboxlist-2">two</label>
    </div>

    <div class="form-text">Control checkboxlist description.</div>

    </div>
    <div class="mb-3">
    <label class="form-label">RadioList</label>
    <div class="form-check">
        <input type="radio" name="container[radiolist]" id="frm-container-radiolist-3" value="3" class="form-check-input">
        <label class="form-check-label" for="frm-container-radiolist-3">three</label>
    </div>
    <div class="form-check">
        <input type="radio" name="container[radiolist]" id="frm-container-radiolist-4" value="4" class="form-check-input">
        <label class="form-check-label" for="frm-container-radiolist-4">four</label>
    </div>

    <div class="form-text">Control radiolist description.</div>

    </div>
    <div class="mb-3">
    <label class="form-label" for="frm-container-innerContainer-selectbox">Selectbox</label>
    <select class="form-select" name="container[innerContainer][selectbox]" id="frm-container-innerContainer-selectbox"><option value=""></option><option value="5">five</option><option value="6">six</option></select>

    <div class="form-text">Control selectbox description.</div>

    </div>
    <div class="mb-3">
    <label class="form-label" for="frm-container-innerContainer-upload">Upload</label>
        <input type="file" name="container[innerContainer][upload]" id="frm-container-innerContainer-upload" data-nette-rules='[{"op":":fileSize","msg":"The size of the uploaded file can be up to 1048576 bytes.","arg":1048576}]' class="form-control">

    <div class="form-text">Control upload description.</div>

    </div>
        </fieldset>
        </fieldset>
    <div class="mb-3">
    <label class="label-class1 label-class2 form-label" for="frm-foo">Foo</label>
    <div data-foo="foo" class="control-class1 control-class2"><input name="foo" id="frm-foo"><span>foo</span></div>

    <div class="form-text">Control foo description.</div>

    </div>
    <div class="mb-3">
                    <input type="submit" name="send" class="btn btn-primary" value="SubmitButton">

    <div class="form-text">Control send description.</div>

                    <input type="button" name="button" class="btn btn-secondary" value="Button">

    <div class="form-text">Control button description.</div>

                    <input type="button" name="warning" class="btn btn-warning">

    <div class="form-text">Control warning description.</div>

    </div>
    <div class="mb-3">
    <label class="form-label">InlineCheckboxList</label>
    <div class="form-check form-check-inline">
        <input type="checkbox" name="inlinecheckboxlist[]" id="frm-inlinecheckboxlist-0" disabled value="0" class="form-check-input">
        <label class="form-check-label" for="frm-inlinecheckboxlist-0">foo</label>
    </div>
    <div class="form-check form-check-inline">
        <input type="checkbox" name="inlinecheckboxlist[]" id="frm-inlinecheckboxlist-1" value="1" class="form-check-input">
        <label class="form-check-label" for="frm-inlinecheckboxlist-1">bar</label>
    </div>

    <div class="form-text">Control inlinecheckboxlist description.</div>

    </div>
    <div class="mb-3">
    <label class="form-label">InlineRadioList</label>
    <div class="form-check form-check-inline">
        <input type="radio" name="inlineradiolist" id="frm-inlineradiolist-0" disabled value="0" class="form-check-input">
        <label class="form-check-label" for="frm-inlineradiolist-0">foo</label>
    </div>
    <div class="form-check form-check-inline">
        <input type="radio" name="inlineradiolist" id="frm-inlineradiolist-1" value="1" class="form-check-input">
        <label class="form-check-label" for="frm-inlineradiolist-1">bar</label>
    </div>

    <div class="form-text">Control inlineradiolist description.</div>

    </div>
    <div class="mb-3">
    <label class="form-label" for="frm-range">Range</label>
    <input type="range" name="range" id="frm-range" class="form-range">

    <div class="form-text">Control range description.</div>

    </div>
    <div class="mb-3">
    <div class="form-check form-switch">
        <input type="checkbox" name="switch" id="frm-switch" class="form-check-input">
        <label class="form-check-label" for="frm-switch">Switch</label>
    </div>

    <div class="form-text">Control switch description.</div>

    </div>
<input type="hidden" name="hidden" value="">    </form>
